// Jest Snapshot v1, https://goo.gl/fbAQLP

exports[`tests FieldItem component snapshot FieldItem component 1`] = `<div />`;
