// Jest Snapshot v1, https://goo.gl/fbAQLP

exports[`test Field component renders Field component 1`] = `
<div>
  <div
    class="sc-bczRLJ lijUsN"
  />
</div>
`;
