// Jest Snapshot v1, https://goo.gl/fbAQLP

exports[`Sidebar tests renders Sidebar component and get snapshot 1`] = `
Object {
  "asFragment": [Function],
  "baseElement": <body>
    <div>
      <div>
        <div
          class="mx-auto flex flex-col w-[300px] gap-3 bg-slate-100 rounded-2xl p-3"
        >
          <fieldset
            class="flex flex-col gap-2"
          >
            <button
              class="p-2 w-full text-sm rounded-xl uppercase outline-none text-gray-600 hover:scale-105 font-semibold bg-green-300"
            >
              Старт
            </button>
            <button
              class="p-2 w-full text-sm rounded-xl uppercase outline-none text-gray-600 hover:scale-105 font-semibold bg-blue-300"
            >
              Сброс
            </button>
          </fieldset>
          <fieldset
            class="flex flex-col gap-2"
          >
            <legend>
              Скорость
            </legend>
            <button
              class="p-2 w-full text-sm rounded-xl uppercase outline-none text-gray-600 hover:scale-105 font-semibold bg-blue-300"
            >
              1
            </button>
            <button
              class="p-2 w-full text-sm rounded-xl uppercase outline-none text-gray-600 hover:scale-105 font-semibold bg-blue-300"
            >
              1.5
            </button>
            <button
              class="p-2 w-full text-sm rounded-xl uppercase outline-none text-gray-600 hover:scale-105 font-semibold bg-blue-300"
            >
              2
            </button>
          </fieldset>
          <fieldset
            class="flex flex-col gap-2"
          >
            <legend>
              Размеры
            </legend>
            <button
              class="p-2 w-full text-sm rounded-xl uppercase outline-none text-gray-600 hover:scale-105 font-semibold bg-purple-300 disabled:bg-gray-400 disabled:text-gray-600"
            >
              50/50
            </button>
            <button
              class="p-2 w-full text-sm rounded-xl uppercase outline-none text-gray-600 hover:scale-105 font-semibold bg-purple-300 disabled:bg-gray-400 disabled:text-gray-600"
            >
              30/30
            </button>
            <button
              class="p-2 w-full text-sm rounded-xl uppercase outline-none text-gray-600 hover:scale-105 font-semibold bg-purple-300 disabled:bg-gray-400 disabled:text-gray-600"
            >
              100/100
            </button>
          </fieldset>
          <fieldset>
            <legend>
              Процент заполнености
            </legend>
            <div
              class="relative pt-1"
            >
              <label
                class="form-label"
                data-testid="rangeLabel"
                for="customRange1"
              >
                0 %
              </label>
              <input
                class="form-range appearance-none w-full h-3 rounded-lg p-0 bg-blue-100 focus:outline-none focus:ring-0 focus:shadow-none"
                data-testid="rangeInput"
                id="customRange1"
                max="80"
                min="0"
                type="range"
                value="0"
              />
            </div>
          </fieldset>
        </div>
      </div>
    </div>
  </body>,
  "container": <div>
    <div>
      <div
        class="mx-auto flex flex-col w-[300px] gap-3 bg-slate-100 rounded-2xl p-3"
      >
        <fieldset
          class="flex flex-col gap-2"
        >
          <button
            class="p-2 w-full text-sm rounded-xl uppercase outline-none text-gray-600 hover:scale-105 font-semibold bg-green-300"
          >
            Старт
          </button>
          <button
            class="p-2 w-full text-sm rounded-xl uppercase outline-none text-gray-600 hover:scale-105 font-semibold bg-blue-300"
          >
            Сброс
          </button>
        </fieldset>
        <fieldset
          class="flex flex-col gap-2"
        >
          <legend>
            Скорость
          </legend>
          <button
            class="p-2 w-full text-sm rounded-xl uppercase outline-none text-gray-600 hover:scale-105 font-semibold bg-blue-300"
          >
            1
          </button>
          <button
            class="p-2 w-full text-sm rounded-xl uppercase outline-none text-gray-600 hover:scale-105 font-semibold bg-blue-300"
          >
            1.5
          </button>
          <button
            class="p-2 w-full text-sm rounded-xl uppercase outline-none text-gray-600 hover:scale-105 font-semibold bg-blue-300"
          >
            2
          </button>
        </fieldset>
        <fieldset
          class="flex flex-col gap-2"
        >
          <legend>
            Размеры
          </legend>
          <button
            class="p-2 w-full text-sm rounded-xl uppercase outline-none text-gray-600 hover:scale-105 font-semibold bg-purple-300 disabled:bg-gray-400 disabled:text-gray-600"
          >
            50/50
          </button>
          <button
            class="p-2 w-full text-sm rounded-xl uppercase outline-none text-gray-600 hover:scale-105 font-semibold bg-purple-300 disabled:bg-gray-400 disabled:text-gray-600"
          >
            30/30
          </button>
          <button
            class="p-2 w-full text-sm rounded-xl uppercase outline-none text-gray-600 hover:scale-105 font-semibold bg-purple-300 disabled:bg-gray-400 disabled:text-gray-600"
          >
            100/100
          </button>
        </fieldset>
        <fieldset>
          <legend>
            Процент заполнености
          </legend>
          <div
            class="relative pt-1"
          >
            <label
              class="form-label"
              data-testid="rangeLabel"
              for="customRange1"
            >
              0 %
            </label>
            <input
              class="form-range appearance-none w-full h-3 rounded-lg p-0 bg-blue-100 focus:outline-none focus:ring-0 focus:shadow-none"
              data-testid="rangeInput"
              id="customRange1"
              max="80"
              min="0"
              type="range"
              value="0"
            />
          </div>
        </fieldset>
      </div>
    </div>
  </div>,
  "debug": [Function],
  "findAllByAltText": [Function],
  "findAllByDisplayValue": [Function],
  "findAllByLabelText": [Function],
  "findAllByPlaceholderText": [Function],
  "findAllByRole": [Function],
  "findAllByTestId": [Function],
  "findAllByText": [Function],
  "findAllByTitle": [Function],
  "findByAltText": [Function],
  "findByDisplayValue": [Function],
  "findByLabelText": [Function],
  "findByPlaceholderText": [Function],
  "findByRole": [Function],
  "findByTestId": [Function],
  "findByText": [Function],
  "findByTitle": [Function],
  "getAllByAltText": [Function],
  "getAllByDisplayValue": [Function],
  "getAllByLabelText": [Function],
  "getAllByPlaceholderText": [Function],
  "getAllByRole": [Function],
  "getAllByTestId": [Function],
  "getAllByText": [Function],
  "getAllByTitle": [Function],
  "getByAltText": [Function],
  "getByDisplayValue": [Function],
  "getByLabelText": [Function],
  "getByPlaceholderText": [Function],
  "getByRole": [Function],
  "getByTestId": [Function],
  "getByText": [Function],
  "getByTitle": [Function],
  "queryAllByAltText": [Function],
  "queryAllByDisplayValue": [Function],
  "queryAllByLabelText": [Function],
  "queryAllByPlaceholderText": [Function],
  "queryAllByRole": [Function],
  "queryAllByTestId": [Function],
  "queryAllByText": [Function],
  "queryAllByTitle": [Function],
  "queryByAltText": [Function],
  "queryByDisplayValue": [Function],
  "queryByLabelText": [Function],
  "queryByPlaceholderText": [Function],
  "queryByRole": [Function],
  "queryByTestId": [Function],
  "queryByText": [Function],
  "queryByTitle": [Function],
  "rerender": [Function],
  "unmount": [Function],
}
`;
